// Jest Snapshot v1, https://goo.gl/fbAQLP

exports[`lists flureedb fns 1`] = `
<DocumentFragment>
  <ul
    class="App"
  >
    <li>
      commit
    </li>
    <li>
      connect
    </li>
    <li>
      connectLocalStorage
    </li>
    <li>
      connectMemory
    </li>
    <li>
      create
    </li>
    <li>
      db
    </li>
    <li>
      exists
    </li>
    <li>
      load
    </li>
    <li>
      query
    </li>
    <li>
      setLogging
    </li>
    <li>
      stage
    </li>
    <li>
      status
    </li>
  </ul>
</DocumentFragment>
`;
