// Jest Snapshot v1, https://goo.gl/fbAQLP

exports[`lists flureedb fns 1`] = `
<DocumentFragment>
  <ul
    class="App"
  >
    <li>
      authenticate
    </li>
    <li>
      block_query
    </li>
    <li>
      block_range
    </li>
    <li>
      block_range_with_txn
    </li>
    <li>
      close
    </li>
    <li>
      close_listener
    </li>
    <li>
      connect
    </li>
    <li>
      connect_p
    </li>
    <li>
      db
    </li>
    <li>
      db_schema
    </li>
    <li>
      delete_ledger
    </li>
    <li>
      history_query
    </li>
    <li>
      http_signature
    </li>
    <li>
      jldCommit
    </li>
    <li>
      jldConnect
    </li>
    <li>
      jldCreate
    </li>
    <li>
      jldDb
    </li>
    <li>
      jldLoad
    </li>
    <li>
      jldQuery
    </li>
    <li>
      jldStage
    </li>
    <li>
      jldStatus
    </li>
    <li>
      ledger_stats
    </li>
    <li>
      listen
    </li>
    <li>
      listeners
    </li>
    <li>
      monitor_tx
    </li>
    <li>
      multi_query
    </li>
    <li>
      new_ledger
    </li>
    <li>
      password_generate
    </li>
    <li>
      password_login
    </li>
    <li>
      query
    </li>
    <li>
      renew_token
    </li>
    <li>
      set_logging
    </li>
    <li>
      signed_query
    </li>
    <li>
      transact
    </li>
  </ul>
</DocumentFragment>
`;

exports[`lists flureedb fns: <></> 1`] = `
<DocumentFragment>
  <ul
    class="App"
  >
    <li>
      authenticate
    </li>
    <li>
      block_query
    </li>
    <li>
      block_range
    </li>
    <li>
      block_range_with_txn
    </li>
    <li>
      close
    </li>
    <li>
      close_listener
    </li>
    <li>
      connect
    </li>
    <li>
      connect_p
    </li>
    <li>
      db
    </li>
    <li>
      db_schema
    </li>
    <li>
      delete_ledger
    </li>
    <li>
      history_query
    </li>
    <li>
      http_signature
    </li>
    <li>
      jldCommit
    </li>
    <li>
      jldConnect
    </li>
    <li>
      jldCreate
    </li>
    <li>
      jldDb
    </li>
    <li>
      jldLoad
    </li>
    <li>
      jldQuery
    </li>
    <li>
      jldStage
    </li>
    <li>
      jldStatus
    </li>
    <li>
      ledger_stats
    </li>
    <li>
      listen
    </li>
    <li>
      listeners
    </li>
    <li>
      monitor_tx
    </li>
    <li>
      multi_query
    </li>
    <li>
      new_ledger
    </li>
    <li>
      password_generate
    </li>
    <li>
      password_login
    </li>
    <li>
      query
    </li>
    <li>
      renew_token
    </li>
    <li>
      set_logging
    </li>
    <li>
      signed_query
    </li>
    <li>
      transact
    </li>
  </ul>
</DocumentFragment>
`;
